07/Aug/2026 15:21:35.635 INFO:main(220) git sha: $Id: 5efbc516bbe9dd1cbb328d871d163cae7b9ea0ce $
07/Aug/2026 15:21:35.635 DEBUG:main(221) Namespace(pid='Demo', books=None, config=None, runs=0, print=True, projects=['/work/projects'], directory=None, lang=None, zip=None, action=None, macros=None, module=None, testing=False, capture=None, test=None, testwithgui=False, quiet=False, logging='3', logfile='ptxprint.log', timeout=1200, debug=False, fontpath=None, nofontcache=False, testsuite=False, difffile=None, diffpages=0, diffoutfile=None, diffdpi=0, pdfversion=14, nointernet=False, port=None, nox11=True, define=None, extras=0, identify=False, experimental=0)
07/Aug/2026 15:21:35.637 DEBUG:font(70) fdir='/usr/lib/python3/dist-packages/ptxprint/..'
07/Aug/2026 15:21:35.712 DEBUG:main(278) Loaded config
07/Aug/2026 15:21:35.712 DEBUG:main(352) project id=Demo, config=None, directory=/work
07/Aug/2026 15:21:35.713 DEBUG:project(89) Adding project ProjectDir(prjid='Demo', guid='3290DEF0927311F1AF373362435ADE5B', path='/work/projects/Demo')
07/Aug/2026 15:21:35.713 DEBUG:main(403) Adding project tree: /work/projects
07/Aug/2026 15:21:35.713 DEBUG:project(174) Creating Project(Demo) at /work/projects/Demo guid=3290DEF0927311F1AF373362435ADE5B
07/Aug/2026 15:21:35.713 DEBUG:styleditor(354) Reading /usr/share/ptx2pdf/texmacros/usfm_sb.sty
07/Aug/2026 15:21:35.719 DEBUG:view(693) Changing project to Demo from NONE, configName='Default' from main(/usr/lib/python3/dist-packages/ptxprint/main.py:420)
07/Aug/2026 15:21:35.719 DEBUG:project(95) Seeking project 3290DEF0927311F1AF373362435ADE5B found ProjectDir(prjid='Demo', guid='3290DEF0927311F1AF373362435ADE5B', path='/work/projects/Demo')
07/Aug/2026 15:21:35.719 DEBUG:project(174) Creating Project(Demo) at /work/projects/Demo guid=3290DEF0927311F1AF373362435ADE5B
07/Aug/2026 15:21:35.719 DEBUG:view(707) Project set from None to Demo
07/Aug/2026 15:21:35.720 DEBUG:view(693) Changing project to Demo from Demo, configName='Default' from main(/usr/lib/python3/dist-packages/ptxprint/main.py:421)
07/Aug/2026 15:21:35.720 DEBUG:view(572) Apply Config oldcfg=None newcfg='Default' newp='/work/projects/Demo/shared/ptxprint/Default'
07/Aug/2026 15:21:35.720 DEBUG:view(729) Reading config Default in the config context of Default
07/Aug/2026 15:21:35.720 DEBUG:view(732) Switching config from Default to Default
07/Aug/2026 15:21:35.720 DEBUG:main(423) Created viewmodel for Demo[3290DEF0927311F1AF373362435ADE5B] /work/projects/Demo in ['/work/projects']
07/Aug/2026 15:21:35.720 DEBUG:font(166) Waiting for fonts thread
07/Aug/2026 15:21:35.727 Level 8:font(173) fc-list: /usr/share/fonts/truetype/lato/Lato-Medium.ttf: Lato,Lato Medium:style=Medium,Regular
07/Aug/2026 15:21:35.727 Level 8:font(173) fc-list: /usr/share/fonts/truetype/lato/Lato-SemiboldItalic.ttf: Lato,Lato Semibold:style=Semibold Italic,Italic
07/Aug/2026 15:21:35.727 Level 8:font(173) fc-list: /usr/share/texmf/fonts/opentype/public/lm/lmmonolt10-oblique.otf: Latin Modern Mono Light,LM Mono Light 10:style=10 Oblique,Italic
07/Aug/2026 15:21:35.727 Level 8:font(173) fc-list: /usr/share/fonts/truetype/dejavu/DejaVuSerif-Bold.ttf: DejaVu Serif:style=Bold
07/Aug/2026 15:21:35.727 Level 8:font(173) fc-list: /usr/share/fonts/opentype/urw-base35/URWBookman-LightItalic.otf: URW Bookman:style=Light Italic
07/Aug/2026 15:21:35.727 Level 8:font(173) fc-list: /usr/share/texmf/fonts/opentype/public/lm/lmmono10-italic.otf: Latin Modern Mono,LM Mono 10:style=10 Italic,Italic
07/Aug/2026 15:21:35.727 Level 8:font(173) fc-list: /usr/share/fonts/opentype/urw-base35/URWBookman-Light.otf: URW Bookman:style=Light
07/Aug/2026 15:21:35.727 Level 8:font(173) fc-list: /usr/share/fonts/truetype/dejavu/DejaVuSansMono.ttf: DejaVu Sans Mono:style=Book
07/Aug/2026 15:21:35.727 Level 8:font(173) fc-list: /usr/share/fonts/truetype/scheherazade/Scheherazade-Bold.ttf: Scheherazade:style=Bold
07/Aug/2026 15:21:35.727 Level 8:font(173) fc-list: /usr/share/fonts/type1/texlive-fonts-recommended/putb8a.pfb: Utopia:style=Bold
07/Aug/2026 15:21:35.727 Level 8:font(173) fc-list: /usr/share/fonts/truetype/dejavu/DejaVuSansCondensed-Oblique.ttf: DejaVu Sans,DejaVu Sans Condensed:style=Condensed Oblique,Oblique
07/Aug/2026 15:21:35.727 Level 8:font(173) fc-list: /usr/share/texmf/fonts/opentype/public/tex-gyre/texgyrebonum-bold.otf: TeX Gyre Bonum:style=Bold
07/Aug/2026 15:21:35.727 Level 8:font(173) fc-list: /usr/share/texmf/fonts/opentype/public/lm/lmroman10-bold.otf: Latin Modern Roman,LM Roman 10:style=10 Bold,Bold
07/Aug/2026 15:21:35.727 Level 8:font(173) fc-list: /usr/share/texmf/fonts/opentype/public/lm/lmroman7-italic.otf: Latin Modern Roman,LM Roman 7:style=7 Italic,Italic
07/Aug/2026 15:21:35.728 Level 8:font(173) fc-list: /usr/share/fonts/truetype/lato/Lato-LightItalic.ttf: Lato,Lato Light:style=Light Italic,Italic
07/Aug/2026 15:21:35.728 Level 8:font(173) fc-list: /usr/share/fonts/opentype/urw-base35/NimbusMonoPS-Italic.otf: Nimbus Mono PS:style=Italic
07/Aug/2026 15:21:35.728 Level 8:font(173) fc-list: /usr/share/fonts/truetype/noto/NotoSansMono-Regular.ttf: Noto Sans Mono:style=Regular
07/Aug/2026 15:21:35.728 Level 8:font(173) fc-list: /usr/share/texmf/fonts/opentype/public/tex-gyre/texgyrecursor-italic.otf: TeX Gyre Cursor:style=Italic
07/Aug/2026 15:21:35.728 Level 8:font(173) fc-list: /usr/share/fonts/opentype/urw-base35/P052-Italic.otf: P052:style=Italic
07/Aug/2026 15:21:35.728 Level 8:font(173) fc-list: /usr/share/fonts/type1/urw-base35/URWGothic-BookOblique.t1: URW Gothic:style=Book Oblique
07/Aug/2026 15:21:35.728 Level 8:font(173) fc-list: /usr/share/fonts/truetype/dejavu/DejaVuSerifCondensed-BoldItalic.ttf: DejaVu Serif,DejaVu Serif Condensed:style=Condensed Bold Italic,Bold Italic
07/Aug/2026 15:21:35.728 Level 8:font(173) fc-list: /usr/share/fonts/truetype/dejavu/DejaVuSans-ExtraLight.ttf: DejaVu Sans,DejaVu Sans Light:style=ExtraLight
07/Aug/2026 15:21:35.728 Level 8:font(173) fc-list: /usr/share/texmf/fonts/opentype/public/tex-gyre/texgyretermes-italic.otf: TeX Gyre Termes:style=Italic
07/Aug/2026 15:21:35.728 Level 8:font(173) fc-list: /usr/share/fonts/truetype/dejavu/DejaVuSans.ttf: DejaVu Sans:style=Book
07/Aug/2026 15:21:35.728 Level 8:font(173) fc-list: /usr/share/fonts/opentype/urw-base35/NimbusSans-Regular.otf: Nimbus Sans:style=Regular
07/Aug/2026 15:21:35.728 Level 8:font(173) fc-list: /usr/share/texmf/fonts/opentype/public/lm/lmroman12-bold.otf: Latin Modern Roman,LM Roman 12:style=12 Bold,Bold
07/Aug/2026 15:21:35.728 Level 8:font(173) fc-list: /usr/share/fonts/type1/urw-base35/URWBookman-DemiItalic.t1: URW Bookman:style=Demi Italic
07/Aug/2026 15:21:35.728 Level 8:font(173) fc-list: /usr/share/fonts/opentype/urw-base35/NimbusSansNarrow-Oblique.otf: Nimbus Sans Narrow:style=Oblique
07/Aug/2026 15:21:35.728 Level 8:font(173) fc-list: /usr/share/fonts/X11/Type1/URWGothic-Demi.pfb: URW Gothic:style=Demi
07/Aug/2026 15:21:35.728 Level 8:font(173) fc-list: /usr/share/fonts/type1/urw-base35/NimbusSans-Regular.t1: Nimbus Sans:style=Regular
07/Aug/2026 15:21:35.728 Level 8:font(173) fc-list: /usr/share/fonts/type1/texlive-fonts-recommended/putri8a.pfb: Utopia:style=Italic
07/Aug/2026 15:21:35.728 Level 8:font(173) fc-list: /usr/share/fonts/truetype/charis/CharisSIL-BoldItalic.ttf: Charis SIL:style=Bold Italic
07/Aug/2026 15:21:35.728 Level 8:font(173) fc-list: /usr/share/fonts/opentype/urw-base35/C059-Roman.otf: C059:style=Roman
07/Aug/2026 15:21:35.728 Level 8:font(173) fc-list: /usr/share/fonts/truetype/lato/Lato-Italic.ttf: Lato:style=Italic
07/Aug/2026 15:21:35.728 Level 8:font(173) fc-list: /usr/share/texmf/fonts/opentype/public/lm/lmmonocaps10-regular.otf: Latin Modern Mono Caps,LM Mono Caps 10:style=10 Regular,Regular
07/Aug/2026 15:21:35.728 Level 8:font(173) fc-list: /usr/share/texmf/fonts/opentype/public/lm/lmsans10-boldoblique.otf: Latin Modern Sans,LM Sans 10:style=10 Bold Oblique,Bold Italic
07/Aug/2026 15:21:35.728 Level 8:font(173) fc-list: /usr/share/texmf/fonts/opentype/public/tex-gyre/texgyreadventor-bold.otf: TeX Gyre Adventor:style=Bold
07/Aug/2026 15:21:35.728 Level 8:font(173) fc-list: /usr/share/fonts/X11/Type1/Z003-MediumItalic.pfb: Z003:style=Medium Italic
07/Aug/2026 15:21:35.728 Level 8:font(173) fc-list: /usr/share/fonts/opentype/urw-base35/NimbusMonoPS-BoldItalic.otf: Nimbus Mono PS:style=Bold Italic
07/Aug/2026 15:21:35.729 Level 8:font(173) fc-list: /usr/share/fonts/truetype/dejavu/DejaVuSerifCondensed.ttf: DejaVu Serif,DejaVu Serif Condensed:style=Condensed,Book
07/Aug/2026 15:21:35.729 Level 8:font(173) fc-list: /usr/share/fonts/truetype/dejavu/DejaVuSerifCondensed-Italic.ttf: DejaVu Serif,DejaVu Serif Condensed:style=Condensed Italic,Italic
07/Aug/2026 15:21:35.729 Level 8:font(173) fc-list: /usr/share/ptx2pdf/fonts/Charis-Bold.ttf: Charis:style=Bold
07/Aug/2026 15:21:35.729 Level 8:font(173) fc-list: /usr/share/fonts/type1/urw-base35/URWGothic-DemiOblique.t1: URW Gothic:style=Demi Oblique
07/Aug/2026 15:21:35.729 Level 8:font(173) fc-list: /usr/share/texmf/fonts/opentype/public/lm/lmmonolt10-bold.otf: Latin Modern Mono Light,LM Mono Light 10:style=10 Bold,Bold
07/Aug/2026 15:21:35.729 Level 8:font(173) fc-list: /usr/share/texmf/fonts/opentype/public/tex-gyre-math/texgyreschola-math.otf: TeX Gyre Schola Math:style=Regular
07/Aug/2026 15:21:35.729 Level 8:font(173) fc-list: /usr/share/texmf/fonts/opentype/public/tex-gyre-math/texgyrepagella-math.otf: TeX Gyre Pagella Math:style=Regular
07/Aug/2026 15:21:35.729 Level 8:font(173) fc-list: /usr/share/fonts/type1/urw-base35/URWBookman-LightItalic.t1: URW Bookman:style=Light Italic
07/Aug/2026 15:21:35.729 Level 8:font(173) fc-list: /usr/share/texmf/fonts/opentype/public/lm/lmmonoproplt10-regular.otf: Latin Modern Mono Prop Light,LM Mono Prop Light 10:style=10 Regular,Regular
07/Aug/2026 15:21:35.729 Level 8:font(173) fc-list: /usr/share/fonts/opentype/urw-base35/NimbusSansNarrow-BoldOblique.otf: Nimbus Sans Narrow:style=Bold Oblique
07/Aug/2026 15:21:35.729 Level 8:font(173) fc-list: /usr/share/fonts/X11/Type1/URWBookman-Light.pfb: URW Bookman:style=Light
07/Aug/2026 15:21:35.729 Level 8:font(173) fc-list: /usr/share/fonts/X11/Type1/P052-BoldItalic.pfb: P052:style=Bold Italic
07/Aug/2026 15:21:35.729 Level 8:font(173) fc-list: /usr/share/fonts/X11/Type1/C059-BdIta.pfb: C059:style=Bold Italic
07/Aug/2026 15:21:35.729 Level 8:font(173) fc-list: /usr/share/fonts/X11/Type1/NimbusRoman-Bold.pfb: Nimbus Roman:style=Bold
07/Aug/2026 15:21:35.729 Level 8:font(173) fc-list: /usr/share/texmf/fonts/opentype/public/lm/lmromandunh10-oblique.otf: Latin Modern Roman Dunhill,LM Roman Dunhill 10:style=10 Oblique,Italic
07/Aug/2026 15:21:35.729 Level 8:font(173) fc-list: /usr/share/ptx2pdf/fonts/SourceCodePro-Regular.ttf: Source Code Pro:style=Regular
07/Aug/2026 15:21:35.729 Level 8:font(173) fc-list: /usr/share/fonts/truetype/lato/Lato-MediumItalic.ttf: Lato,Lato Medium:style=Medium Italic,Italic
07/Aug/2026 15:21:35.729 Level 8:font(173) fc-list: /usr/share/texmf/fonts/opentype/public/tex-gyre/texgyrepagella-bolditalic.otf: TeX Gyre Pagella:style=Bold Italic
07/Aug/2026 15:21:35.729 Level 8:font(173) fc-list: /usr/share/texmf/fonts/opentype/public/lm/lmsansdemicond10-oblique.otf: Latin Modern Sans Demi Cond,LM Sans Demi Cond 10:style=10 Oblique,Italic
07/Aug/2026 15:21:35.729 Level 8:font(173) fc-list: /usr/share/texmf/fonts/opentype/public/tex-gyre/texgyreheros-regular.otf: TeX Gyre Heros:style=Regular
07/Aug/2026 15:21:35.729 Level 8:font(173) fc-list: /usr/share/fonts/type1/urw-base35/NimbusSansNarrow-BoldOblique.t1: Nimbus Sans Narrow:style=Bold Oblique
07/Aug/2026 15:21:35.729 Level 8:font(173) fc-list: /usr/share/fonts/opentype/urw-base35/NimbusSans-Bold.otf: Nimbus Sans:style=Bold
07/Aug/2026 15:21:35.729 Level 8:font(173) fc-list: /usr/share/texmf/fonts/opentype/public/lm/lmroman10-bolditalic.otf: Latin Modern Roman,LM Roman 10:style=10 Bold Italic,Bold Italic
07/Aug/2026 15:21:35.729 Level 8:font(173) fc-list: /usr/share/fonts/type1/urw-base35/NimbusMonoPS-Italic.t1: Nimbus Mono PS:style=Italic
07/Aug/2026 15:21:35.729 Level 8:font(173) fc-list: /usr/share/fonts/X11/Type1/NimbusSans-BoldItalic.pfb: Nimbus Sans:style=Bold Italic
07/Aug/2026 15:21:35.730 Level 8:font(173) fc-list: /usr/share/fonts/type1/urw-base35/NimbusRoman-BoldItalic.t1: Nimbus Roman:style=Bold Italic
07/Aug/2026 15:21:35.730 Level 8:font(173) fc-list: /usr/share/fonts/truetype/lato/Lato-Black.ttf: Lato,Lato Black:style=Black,Regular
07/Aug/2026 15:21:35.730 Level 8:font(173) fc-list: /usr/share/texmf/fonts/opentype/public/lm/lmromancaps10-oblique.otf: Latin Modern Roman Caps,LM Roman Caps 10:style=10 Oblique,Italic
07/Aug/2026 15:21:35.730 Level 8:font(173) fc-list: /usr/share/fonts/opentype/urw-base35/Z003-MediumItalic.otf: Z003:style=Medium Italic
07/Aug/2026 15:21:35.730 Level 8:font(173) fc-list: /usr/share/fonts/opentype/urw-base35/NimbusSans-BoldItalic.otf: Nimbus Sans:style=Bold Italic
07/Aug/2026 15:21:35.730 Level 8:font(173) fc-list: /usr/share/fonts/type1/texlive-fonts-recommended/pcrb8a.pfb: Courier:style=Bold
07/Aug/2026 15:21:35.730 Level 8:font(173) fc-list: /usr/share/fonts/opentype/urw-base35/URWGothic-Book.otf: URW Gothic:style=Book
07/Aug/2026 15:21:35.730 Level 8:font(173) fc-list: /usr/share/fonts/X11/Type1/P052-Bold.pfb: P052:style=Bold
07/Aug/2026 15:21:35.730 Level 8:font(173) fc-list: /usr/share/fonts/truetype/dejavu/DejaVuSerif-BoldItalic.ttf: DejaVu Serif:style=Bold Italic
07/Aug/2026 15:21:35.730 Level 8:font(173) fc-list: /usr/share/texmf/fonts/opentype/public/tex-gyre/texgyreheroscn-bolditalic.otf: TeX Gyre Heros Cn:style=Bold Italic
07/Aug/2026 15:21:35.730 Level 8:font(173) fc-list: /usr/share/fonts/truetype/gentiumplus/GentiumBookPlus-Italic.ttf: Gentium Book Plus:style=Italic
07/Aug/2026 15:21:35.730 Level 8:font(173) fc-list: /usr/share/texmf/fonts/opentype/public/lm/lmsans12-oblique.otf: Latin Modern Sans,LM Sans 12:style=12 Oblique,Italic
07/Aug/2026 15:21:35.730 Level 8:font(173) fc-list: /usr/share/fonts/opentype/urw-base35/D050000L.otf: D050000L:style=Regular
07/Aug/2026 15:21:35.730 Level 8:font(173) fc-list: /usr/share/fonts/type1/texlive-fonts-recommended/putr8a.pfb: Utopia:style=Regular
07/Aug/2026 15:21:35.730 Level 8:font(173) fc-list: /usr/share/texmf/fonts/opentype/public/lm/lmmonocaps10-oblique.otf: Latin Modern Mono Caps,LM Mono Caps 10:style=10 Oblique,Italic
07/Aug/2026 15:21:35.730 Level 8:font(173) fc-list: /usr/share/texmf/fonts/opentype/public/lm/lmsansquot8-boldoblique.otf: Latin Modern Sans Quotation,LM Sans Quot 8:style=8 Bold Oblique,Italic
07/Aug/2026 15:21:35.730 Level 8:font(173) fc-list: /usr/share/texmf/fonts/opentype/public/tex-gyre/texgyrecursor-bold.otf: TeX Gyre Cursor:style=Bold
07/Aug/2026 15:21:35.730 Level 8:font(173) fc-list: /usr/share/texmf/fonts/opentype/public/tex-gyre/texgyreschola-regular.otf: TeX Gyre Schola:style=Regular
07/Aug/2026 15:21:35.730 Level 8:font(173) fc-list: /usr/share/fonts/truetype/dejavu/DejaVuSansMono-Oblique.ttf: DejaVu Sans Mono:style=Oblique
07/Aug/2026 15:21:35.730 Level 8:font(173) fc-list: /usr/share/fonts/opentype/urw-base35/C059-BdIta.otf: C059:style=Bold Italic
07/Aug/2026 15:21:35.730 Level 8:font(173) fc-list: /usr/share/fonts/truetype/dejavu/DejaVuSerifCondensed-Bold.ttf: DejaVu Serif,DejaVu Serif Condensed:style=Condensed Bold,Bold
07/Aug/2026 15:21:35.730 Level 8:font(173) fc-list: /usr/share/fonts/truetype/dejavu/DejaVuSans-Bold.ttf: DejaVu Sans:style=Bold
07/Aug/2026 15:21:35.730 Level 8:font(173) fc-list: /usr/share/fonts/X11/Type1/P052-Italic.pfb: P052:style=Italic
07/Aug/2026 15:21:35.730 Level 8:font(173) fc-list: /usr/share/texmf/fonts/opentype/public/lm/lmmono9-regular.otf: Latin Modern Mono,LM Mono 9:style=9 Regular,Regular
07/Aug/2026 15:21:35.730 Level 8:font(173) fc-list: /usr/share/texmf/fonts/opentype/public/tex-gyre/texgyreadventor-italic.otf: TeX Gyre Adventor:style=Italic
07/Aug/2026 15:21:35.731 Level 8:font(173) fc-list: /usr/share/fonts/truetype/dejavu/DejaVuSansMono-BoldOblique.ttf: DejaVu Sans Mono:style=Bold Oblique
07/Aug/2026 15:21:35.731 Level 8:font(173) fc-list: /usr/share/texmf/fonts/opentype/public/lm-math/latinmodern-math.otf: Latin Modern Math:style=Regular
07/Aug/2026 15:21:35.731 Level 8:font(173) fc-list: /usr/share/texmf/fonts/opentype/public/lm/lmsans8-oblique.otf: Latin Modern Sans,LM Sans 8:style=8 Oblique,Italic
07/Aug/2026 15:21:35.731 Level 8:font(173) fc-list: /usr/share/fonts/opentype/urw-base35/NimbusRoman-Regular.otf: Nimbus Roman:style=Regular
07/Aug/2026 15:21:35.731 Level 8:font(173) fc-list: /usr/share/fonts/truetype/lato/Lato-Light.ttf: Lato,Lato Light:style=Light,Regular
07/Aug/2026 15:21:35.731 Level 8:font(173) fc-list: /usr/share/texmf/fonts/opentype/public/lm/lmmono8-regular.otf: Latin Modern Mono,LM Mono 8:style=8 Regular,Regular
07/Aug/2026 15:21:35.731 Level 8:font(173) fc-list: /usr/share/fonts/opentype/urw-base35/C059-Italic.otf: C059:style=Italic
07/Aug/2026 15:21:35.731 Level 8:font(173) fc-list: /usr/share/texmf/fonts/opentype/public/lm/lmmonoprop10-regular.otf: Latin Modern Mono Prop,LM Mono Prop 10:style=10 Regular,Regular
07/Aug/2026 15:21:35.731 Level 8:font(173) fc-list: /usr/share/texmf/fonts/opentype/public/tex-gyre/texgyretermes-bolditalic.otf: TeX Gyre Termes:style=Bold Italic
07/Aug/2026 15:21:35.731 Level 8:font(173) fc-list: /usr/share/texmf/fonts/opentype/public/tex-gyre/texgyreheroscn-italic.otf: TeX Gyre Heros Cn:style=Italic
07/Aug/2026 15:21:35.731 Level 8:font(173) fc-list: /usr/share/fonts/opentype/urw-base35/NimbusMonoPS-Bold.otf: Nimbus Mono PS:style=Bold
07/Aug/2026 15:21:35.731 Level 8:font(173) fc-list: /usr/share/fonts/opentype/urw-base35/NimbusRoman-Bold.otf: Nimbus Roman:style=Bold
07/Aug/2026 15:21:35.731 Level 8:font(173) fc-list: /usr/share/fonts/type1/urw-base35/NimbusSansNarrow-Bold.t1: Nimbus Sans Narrow:style=Bold
07/Aug/2026 15:21:35.731 Level 8:font(173) fc-list: /usr/share/fonts/opentype/urw-base35/NimbusRoman-BoldItalic.otf: Nimbus Roman:style=Bold Italic
07/Aug/2026 15:21:35.731 Level 8:font(173) fc-list: /usr/share/texmf/fonts/opentype/public/lm/lmsans9-oblique.otf: Latin Modern Sans,LM Sans 9:style=9 Oblique,Italic
07/Aug/2026 15:21:35.731 Level 8:font(173) fc-list: /usr/share/fonts/truetype/lato/Lato-Regular.ttf: Lato:style=Regular
07/Aug/2026 15:21:35.731 Level 8:font(173) fc-list: /usr/share/fonts/X11/Type1/URWGothic-BookOblique.pfb: URW Gothic:style=Book Oblique
07/Aug/2026 15:21:35.731 Level 8:font(173) fc-list: /usr/share/fonts/truetype/dejavu/DejaVuMathTeXGyre.ttf: DejaVu Math TeX Gyre:style=Regular
07/Aug/2026 15:21:35.731 Level 8:font(173) fc-list: /usr/share/texmf/fonts/opentype/public/lm/lmsansquot8-bold.otf: Latin Modern Sans Quotation,LM Sans Quot 8:style=8 Bold,Bold
07/Aug/2026 15:21:35.731 Level 8:font(173) fc-list: /usr/share/texmf/fonts/opentype/public/lm/lmsansdemicond10-regular.otf: Latin Modern Sans Demi Cond,LM Sans Demi Cond 10:style=10 Regular,Regular
07/Aug/2026 15:21:35.731 Level 8:font(173) fc-list: /usr/share/fonts/type1/texlive-fonts-recommended/bchb8a.pfb: Bitstream Charter:style=Bold
07/Aug/2026 15:21:35.731 Level 8:font(173) fc-list: /usr/share/fonts/truetype/dejavu/DejaVuSansCondensed-BoldOblique.ttf: DejaVu Sans,DejaVu Sans Condensed:style=Condensed Bold Oblique,Bold Oblique
07/Aug/2026 15:21:35.731 Level 8:font(173) fc-list: /usr/share/fonts/truetype/droid/DroidSansFallbackFull.ttf: Droid Sans Fallback:style=Regular
07/Aug/2026 15:21:35.731 Level 8:font(173) fc-list: /usr/share/texmf/fonts/opentype/public/lm/lmsans10-oblique.otf: Latin Modern Sans,LM Sans 10:style=10 Oblique,Italic
07/Aug/2026 15:21:35.731 Level 8:font(173) fc-list: /usr/share/texmf/fonts/opentype/public/lm/lmroman8-italic.otf: Latin Modern Roman,LM Roman 8:style=8 Italic,Italic
07/Aug/2026 15:21:35.732 Level 8:font(173) fc-list: /usr/share/fonts/X11/Type1/NimbusSansNarrow-BoldOblique.pfb: Nimbus Sans Narrow:style=Bold Oblique
07/Aug/2026 15:21:35.732 Level 8:font(173) fc-list: /usr/share/texmf/fonts/opentype/public/lm/lmromanunsl10-regular.otf: Latin Modern Roman Unslanted,LM Roman Unslanted 10:style=10 Regular,Regular
07/Aug/2026 15:21:35.732 Level 8:font(173) fc-list: /usr/share/fonts/truetype/lato/Lato-ThinItalic.ttf: Lato,Lato Thin:style=Thin Italic,Italic
07/Aug/2026 15:21:35.732 Level 8:font(173) fc-list: /usr/share/texmf/fonts/opentype/public/lm/lmmonoproplt10-boldoblique.otf: Latin Modern Mono Prop Light,LM Mono Prop Light 10:style=10 BoldOblique,Bold Italic
07/Aug/2026 15:21:35.732 Level 8:font(173) fc-list: /usr/share/fonts/X11/Type1/C059-Roman.pfb: C059:style=Roman
07/Aug/2026 15:21:35.732 Level 8:font(173) fc-list: /usr/share/fonts/type1/urw-base35/C059-Roman.t1: C059:style=Roman
07/Aug/2026 15:21:35.732 Level 8:font(173) fc-list: /usr/share/texmf/fonts/opentype/public/tex-gyre/texgyreheroscn-bold.otf: TeX Gyre Heros Cn:style=Bold
07/Aug/2026 15:21:35.732 Level 8:font(173) fc-list: /usr/share/texmf/fonts/opentype/public/tex-gyre-math/texgyrebonum-math.otf: TeX Gyre Bonum Math:style=Regular
07/Aug/2026 15:21:35.732 Level 8:font(173) fc-list: /usr/share/texmf/fonts/opentype/public/tex-gyre/texgyrebonum-bolditalic.otf: TeX Gyre Bonum:style=Bold Italic
07/Aug/2026 15:21:35.732 Level 8:font(173) fc-list: /usr/share/fonts/truetype/dejavu/DejaVuSansCondensed.ttf: DejaVu Sans,DejaVu Sans Condensed:style=Condensed,Book
07/Aug/2026 15:21:35.732 Level 8:font(173) fc-list: /usr/share/fonts/type1/urw-base35/NimbusRoman-Italic.t1: Nimbus Roman:style=Italic
07/Aug/2026 15:21:35.732 Level 8:font(173) fc-list: /usr/share/fonts/opentype/urw-base35/NimbusSans-Italic.otf: Nimbus Sans:style=Italic
07/Aug/2026 15:21:35.732 Level 8:font(173) fc-list: /usr/share/texmf/fonts/opentype/public/tex-gyre/texgyrecursor-bolditalic.otf: TeX Gyre Cursor:style=Bold Italic
07/Aug/2026 15:21:35.732 Level 8:font(173) fc-list: /usr/share/fonts/X11/Type1/URWBookman-DemiItalic.pfb: URW Bookman:style=Demi Italic
07/Aug/2026 15:21:35.732 Level 8:font(173) fc-list: /usr/share/texmf/fonts/opentype/public/lm/lmroman17-regular.otf: Latin Modern Roman,LM Roman 17:style=17 Regular,Regular
07/Aug/2026 15:21:35.732 Level 8:font(173) fc-list: /usr/share/fonts/X11/Type1/NimbusMonoPS-Italic.pfb: Nimbus Mono PS:style=Italic
07/Aug/2026 15:21:35.732 Level 8:font(173) fc-list: /usr/share/texmf/fonts/opentype/public/lm/lmromanslant8-regular.otf: Latin Modern Roman Slanted,LM Roman Slanted 8:style=8 Regular,Regular
07/Aug/2026 15:21:35.732 Level 8:font(173) fc-list: /usr/share/fonts/type1/urw-base35/URWBookman-Demi.t1: URW Bookman:style=Demi
07/Aug/2026 15:21:35.732 Level 8:font(173) fc-list: /usr/share/texmf/fonts/opentype/public/lm/lmsansquot8-regular.otf: Latin Modern Sans Quotation,LM Sans Quot 8:style=8 Regular,Regular
07/Aug/2026 15:21:35.732 Level 8:font(173) fc-list: /usr/share/fonts/X11/Type1/D050000L.pfb: D050000L:style=Regular
07/Aug/2026 15:21:35.732 Level 8:font(173) fc-list: /usr/share/texmf/fonts/opentype/public/lm/lmromancaps10-regular.otf: Latin Modern Roman Caps,LM Roman Caps 10:style=10 Regular,Regular
07/Aug/2026 15:21:35.732 Level 8:font(173) fc-list: /usr/share/texmf/fonts/opentype/public/tex-gyre-math/texgyretermes-math.otf: TeX Gyre Termes Math:style=Regular
07/Aug/2026 15:21:35.732 Level 8:font(173) fc-list: /usr/share/texmf/fonts/opentype/public/tex-gyre/texgyreadventor-bolditalic.otf: TeX Gyre Adventor:style=Bold Italic
07/Aug/2026 15:21:35.732 Level 8:font(173) fc-list: /usr/share/fonts/truetype/dejavu/DejaVuSansCondensed-Bold.ttf: DejaVu Sans,DejaVu Sans Condensed:style=Condensed Bold,Bold
07/Aug/2026 15:21:35.732 Level 8:font(173) fc-list: /usr/share/fonts/type1/urw-base35/URWGothic-Book.t1: URW Gothic:style=Book
07/Aug/2026 15:21:35.732 Level 8:font(173) fc-list: /usr/share/texmf/fonts/opentype/public/lm/lmromandemi10-regular.otf: Latin Modern Roman Demi,LM Roman Demi 10:style=10 Regular,Regular
07/Aug/2026 15:21:35.733 Level 8:font(173) fc-list: /usr/share/texmf/fonts/opentype/public/lm/lmmono10-regular.otf: Latin Modern Mono,LM Mono 10:style=10 Regular,Regular
07/Aug/2026 15:21:35.733 Level 8:font(173) fc-list: /usr/share/fonts/truetype/dejavu/DejaVuSansMono-Bold.ttf: DejaVu Sans Mono:style=Bold
07/Aug/2026 15:21:35.733 Level 8:font(173) fc-list: /usr/share/fonts/type1/urw-base35/NimbusRoman-Regular.t1: Nimbus Roman:style=Regular
07/Aug/2026 15:21:35.733 Level 8:font(173) fc-list: /usr/share/fonts/opentype/urw-base35/NimbusMonoPS-Regular.otf: Nimbus Mono PS:style=Regular
07/Aug/2026 15:21:35.733 Level 8:font(173) fc-list: /usr/share/fonts/opentype/urw-base35/NimbusSansNarrow-Regular.otf: Nimbus Sans Narrow:style=Regular
07/Aug/2026 15:21:35.733 Level 8:font(173) fc-list: /usr/share/ptx2pdf/fonts/Charis-BoldItalic.ttf: Charis:style=Bold Italic
07/Aug/2026 15:21:35.733 Level 8:font(173) fc-list: /usr/share/fonts/truetype/dejavu/DejaVuSans-Oblique.ttf: DejaVu Sans:style=Oblique
07/Aug/2026 15:21:35.733 Level 8:font(173) fc-list: /usr/share/texmf/fonts/opentype/public/lm/lmromandunh10-regular.otf: Latin Modern Roman Dunhill,LM Roman Dunhill 10:style=10 Regular,Regular
07/Aug/2026 15:21:35.733 Level 8:font(173) fc-list: /usr/share/texmf/fonts/opentype/public/tex-gyre/texgyreschola-bolditalic.otf: TeX Gyre Schola:style=Bold Italic
07/Aug/2026 15:21:35.733 Level 8:font(173) fc-list: /usr/share/fonts/truetype/gentiumplus/GentiumPlus-Bold.ttf: Gentium Plus:style=Bold
07/Aug/2026 15:21:35.733 Level 8:font(173) fc-list: /usr/share/texmf/fonts/opentype/public/lm/lmsans12-regular.otf: Latin Modern Sans,LM Sans 12:style=12 Regular,Regular
07/Aug/2026 15:21:35.733 Level 8:font(173) fc-list: /usr/share/fonts/opentype/urw-base35/URWBookman-Demi.otf: URW Bookman:style=Demi
07/Aug/2026 15:21:35.733 Level 8:font(173) fc-list: /usr/share/fonts/type1/urw-base35/NimbusMonoPS-Regular.t1: Nimbus Mono PS:style=Regular
07/Aug/2026 15:21:35.733 Level 8:font(173) fc-list: /usr/share/fonts/type1/urw-base35/NimbusSans-BoldItalic.t1: Nimbus Sans:style=Bold Italic
07/Aug/2026 15:21:35.733 Level 8:font(173) fc-list: /usr/share/fonts/type1/urw-base35/NimbusSans-Bold.t1: Nimbus Sans:style=Bold
07/Aug/2026 15:21:35.733 Level 8:font(173) fc-list: /usr/share/texmf/fonts/opentype/public/lm/lmromanslant9-regular.otf: Latin Modern Roman Slanted,LM Roman Slanted 9:style=9 Regular,Regular
07/Aug/2026 15:21:35.733 Level 8:font(173) fc-list: /usr/share/fonts/X11/Type1/NimbusMonoPS-Regular.pfb: Nimbus Mono PS:style=Regular
07/Aug/2026 15:21:35.733 Level 8:font(173) fc-list: /usr/share/fonts/X11/Type1/URWGothic-DemiOblique.pfb: URW Gothic:style=Demi Oblique
07/Aug/2026 15:21:35.733 Level 8:font(173) fc-list: /usr/share/fonts/X11/Type1/C059-Bold.pfb: C059:style=Bold
07/Aug/2026 15:21:35.733 Level 8:font(173) fc-list: /usr/share/fonts/X11/Type1/NimbusSans-Bold.pfb: Nimbus Sans:style=Bold
07/Aug/2026 15:21:35.733 Level 8:font(173) fc-list: /usr/share/fonts/type1/urw-base35/NimbusMonoPS-BoldItalic.t1: Nimbus Mono PS:style=Bold Italic
07/Aug/2026 15:21:35.733 Level 8:font(173) fc-list: /usr/share/fonts/X11/Type1/NimbusSansNarrow-Regular.pfb: Nimbus Sans Narrow:style=Regular
07/Aug/2026 15:21:35.733 Level 8:font(173) fc-list: /usr/share/texmf/fonts/opentype/public/lm/lmmonoprop10-oblique.otf: Latin Modern Mono Prop,LM Mono Prop 10:style=10 Oblique,Italic
07/Aug/2026 15:21:35.733 Level 8:font(173) fc-list: /usr/share/ptx2pdf/fonts/empties.ttf: Empties:style=Regular
07/Aug/2026 15:21:35.733 Level 8:font(173) fc-list: /usr/share/fonts/X11/Type1/URWBookman-Demi.pfb: URW Bookman:style=Demi
07/Aug/2026 15:21:35.733 Level 8:font(173) fc-list: /usr/share/fonts/type1/urw-base35/StandardSymbolsPS.t1: Standard Symbols PS:style=Regular
07/Aug/2026 15:21:35.733 Level 8:font(173) fc-list: /usr/share/fonts/truetype/doulos/DoulosSIL-Regular.ttf: Doulos SIL:style=Regular
07/Aug/2026 15:21:35.733 Level 8:font(173) fc-list: /usr/share/fonts/opentype/urw-base35/URWGothic-Demi.otf: URW Gothic:style=Demi
07/Aug/2026 15:21:35.733 Level 8:font(173) fc-list: /usr/share/texmf/fonts/opentype/public/lm/lmmono12-regular.otf: Latin Modern Mono,LM Mono 12:style=12 Regular,Regular
07/Aug/2026 15:21:35.733 Level 8:font(173) fc-list: /usr/share/fonts/type1/texlive-fonts-recommended/pcrr8a.pfb: Courier:style=Regular
07/Aug/2026 15:21:35.733 Level 8:font(173) fc-list: /usr/share/fonts/type1/texlive-fonts-recommended/putbi8a.pfb: Utopia:style=Bold Italic
07/Aug/2026 15:21:35.733 Level 8:font(173) fc-list: /usr/share/texmf/fonts/opentype/public/lm/lmsans10-bold.otf: Latin Modern Sans,LM Sans 10:style=10 Bold,Bold
07/Aug/2026 15:21:35.733 Level 8:font(173) fc-list: /usr/share/texmf/fonts/opentype/public/lm/lmromanslant10-regular.otf: Latin Modern Roman Slanted,LM Roman Slanted 10:style=10 Regular,Regular
07/Aug/2026 15:21:35.733 Level 8:font(173) fc-list: /usr/share/texmf/fonts/opentype/public/tex-gyre/texgyrepagella-italic.otf: TeX Gyre Pagella:style=Italic
07/Aug/2026 15:21:35.733 Level 8:font(173) fc-list: /usr/share/texmf/fonts/opentype/public/tex-gyre/texgyrechorus-mediumitalic.otf: TeX Gyre Chorus:style=Regular
07/Aug/2026 15:21:35.733 Level 8:font(173) fc-list: /usr/share/texmf/fonts/opentype/public/lm/lmsans8-regular.otf: Latin Modern Sans,LM Sans 8:style=8 Regular,Regular
07/Aug/2026 15:21:35.733 Level 8:font(173) fc-list: /usr/share/texmf/fonts/opentype/public/tex-gyre/texgyreheros-bold.otf: TeX Gyre Heros:style=Bold
07/Aug/2026 15:21:35.733 Level 8:font(173) fc-list: /usr/share/texmf/fonts/opentype/public/lm/lmsans17-regular.otf: Latin Modern Sans,LM Sans 17:style=17 Regular,Regular
07/Aug/2026 15:21:35.733 Level 8:font(173) fc-list: /usr/share/fonts/opentype/urw-base35/NimbusSansNarrow-Bold.otf: Nimbus Sans Narrow:style=Bold
07/Aug/2026 15:21:35.733 Level 8:font(173) fc-list: /usr/share/fonts/opentype/urw-base35/URWBookman-DemiItalic.otf: URW Bookman:style=Demi Italic
07/Aug/2026 15:21:35.733 Level 8:font(173) fc-list: /usr/share/fonts/opentype/urw-base35/URWGothic-BookOblique.otf: URW Gothic:style=Book Oblique
07/Aug/2026 15:21:35.733 Level 8:font(173) fc-list: /usr/share/fonts/type1/texlive-fonts-recommended/bchbi8a.pfb: Bitstream Charter:style=Bold Italic
07/Aug/2026 15:21:35.733 Level 8:font(173) fc-list: /usr/share/texmf/fonts/opentype/public/lm/lmsans9-regular.otf: Latin Modern Sans,LM Sans 9:style=9 Regular,Regular
07/Aug/2026 15:21:35.733 Level 8:font(173) fc-list: /usr/share/fonts/truetype/lato/Lato-HairlineItalic.ttf: Lato,Lato Hairline:style=Hairline Italic,Italic
07/Aug/2026 15:21:35.733 Level 8:font(173) fc-list: /usr/share/fonts/type1/texlive-fonts-recommended/bchri8a.pfb: Bitstream Charter:style=Italic
07/Aug/2026 15:21:35.733 Level 8:font(173) fc-list: /usr/share/fonts/truetype/gentiumplus/GentiumBookPlus-Regular.ttf: Gentium Book Plus:style=Regular
07/Aug/2026 15:21:35.733 Level 8:font(173) fc-list: /usr/share/fonts/X11/Type1/NimbusSans-Italic.pfb: Nimbus Sans:style=Italic
07/Aug/2026 15:21:35.733 Level 8:font(173) fc-list: /usr/share/texmf/fonts/opentype/public/lm/lmromanslant12-regular.otf: Latin Modern Roman Slanted,LM Roman Slanted 12:style=12 Regular,Regular
07/Aug/2026 15:21:35.733 Level 8:font(173) fc-list: /usr/share/texmf/fonts/opentype/public/tex-gyre/texgyrepagella-regular.otf: TeX Gyre Pagella:style=Regular
07/Aug/2026 15:21:35.733 Level 8:font(173) fc-list: /usr/share/fonts/X11/Type1/StandardSymbolsPS.pfb: Standard Symbols PS:style=Regular
07/Aug/2026 15:21:35.733 Level 8:font(173) fc-list: /usr/share/fonts/truetype/lato/Lato-Thin.ttf: Lato,Lato Thin:style=Thin,Regular
07/Aug/2026 15:21:35.733 Level 8:font(173) fc-list: /usr/share/texmf/fonts/opentype/public/tex-gyre/texgyrecursor-regular.otf: TeX Gyre Cursor:style=Regular
07/Aug/2026 15:21:35.733 Level 8:font(173) fc-list: /usr/share/texmf/fonts/opentype/public/tex-gyre/texgyrebonum-regular.otf: TeX Gyre Bonum:style=Regular
07/Aug/2026 15:21:35.733 Level 8:font(173) fc-list: /usr/share/texmf/fonts/opentype/public/lm/lmsans10-regular.otf: Latin Modern Sans,LM Sans 10:style=10 Regular,Regular
07/Aug/2026 15:21:35.733 Level 8:font(173) fc-list: /usr/share/texmf/fonts/opentype/public/lm/lmroman10-regular.otf: Latin Modern Roman,LM Roman 10:style=10 Regular,Regular
07/Aug/2026 15:21:35.733 Level 8:font(173) fc-list: /usr/share/fonts/type1/urw-base35/Z003-MediumItalic.t1: Z003:style=Medium Italic
07/Aug/2026 15:21:35.734 Level 8:font(173) fc-list: /usr/share/fonts/type1/urw-base35/P052-BoldItalic.t1: P052:style=Bold Italic
07/Aug/2026 15:21:35.734 Level 8:font(173) fc-list: /usr/share/fonts/truetype/gentiumplus/GentiumPlus-Italic.ttf: Gentium Plus:style=Italic
07/Aug/2026 15:21:35.734 Level 8:font(173) fc-list: /usr/share/fonts/type1/urw-base35/C059-Italic.t1: C059:style=Italic
07/Aug/2026 15:21:35.734 Level 8:font(173) fc-list: /usr/share/fonts/type1/urw-base35/P052-Roman.t1: P052:style=Roman
07/Aug/2026 15:21:35.734 Level 8:font(173) fc-list: /usr/share/fonts/X11/Type1/NimbusSans-Regular.pfb: Nimbus Sans:style=Regular
07/Aug/2026 15:21:35.734 Level 8:font(173) fc-list: /usr/share/fonts/X11/Type1/NimbusSansNarrow-Bold.pfb: Nimbus Sans Narrow:style=Bold
07/Aug/2026 15:21:35.734 Level 8:font(173) fc-list: /usr/share/texmf/fonts/opentype/public/lm/lmmonoltcond10-oblique.otf: Latin Modern Mono Light Cond,LM Mono Light Cond 10:style=10 Oblique,Italic
07/Aug/2026 15:21:35.734 Level 8:font(173) fc-list: /usr/share/fonts/truetype/charis/CharisSIL-Regular.ttf: Charis SIL:style=Regular
07/Aug/2026 15:21:35.734 Level 8:font(173) fc-list: /usr/share/texmf/fonts/opentype/public/lm/lmromandemi10-oblique.otf: Latin Modern Roman Demi,LM Roman Demi 10:style=10 Oblique,Italic
07/Aug/2026 15:21:35.734 Level 8:font(173) fc-list: /usr/share/texmf/fonts/opentype/public/lm/lmroman5-regular.otf: Latin Modern Roman,LM Roman 5:style=5 Regular,Regular
07/Aug/2026 15:21:35.734 Level 8:font(173) fc-list: /usr/share/fonts/type1/urw-base35/NimbusRoman-Bold.t1: Nimbus Roman:style=Bold
07/Aug/2026 15:21:35.734 Level 8:font(173) fc-list: /usr/share/fonts/type1/urw-base35/NimbusSansNarrow-Oblique.t1: Nimbus Sans Narrow:style=Oblique
07/Aug/2026 15:21:35.734 Level 8:font(173) fc-list: /usr/share/fonts/truetype/gentiumplus/GentiumBookPlus-Bold.ttf: Gentium Book Plus:style=Bold
07/Aug/2026 15:21:35.734 Level 8:font(173) fc-list: /usr/share/fonts/X11/Type1/C059-Italic.pfb: C059:style=Italic
07/Aug/2026 15:21:35.734 Level 8:font(173) fc-list: /usr/share/fonts/opentype/urw-base35/P052-BoldItalic.otf: P052:style=Bold Italic
07/Aug/2026 15:21:35.734 Level 8:font(173) fc-list: /usr/share/fonts/truetype/lato/Lato-BoldItalic.ttf: Lato:style=Bold Italic
07/Aug/2026 15:21:35.734 Level 8:font(173) fc-list: /usr/share/fonts/truetype/noto/NotoSansMono-Bold.ttf: Noto Sans Mono:style=Bold
07/Aug/2026 15:21:35.734 Level 8:font(173) fc-list: /usr/share/fonts/truetype/dejavu/DejaVuSerif-Italic.ttf: DejaVu Serif:style=Italic
07/Aug/2026 15:21:35.734 Level 8:font(173) fc-list: /usr/share/texmf/fonts/opentype/public/tex-gyre/texgyreadventor-regular.otf: TeX Gyre Adventor:style=Regular
07/Aug/2026 15:21:35.734 Level 8:font(173) fc-list: /usr/share/texmf/fonts/opentype/public/tex-gyre/texgyrepagella-bold.otf: TeX Gyre Pagella:style=Bold
07/Aug/2026 15:21:35.734 Level 8:font(173) fc-list: /usr/share/texmf/fonts/opentype/public/lm/lmroman6-regular.otf: Latin Modern Roman,LM Roman 6:style=6 Regular,Regular
07/Aug/2026 15:21:35.734 Level 8:font(173) fc-list: /usr/share/texmf/fonts/opentype/public/lm/lmromanslant10-bold.otf: Latin Modern Roman Slanted,LM Roman Slanted 10:style=10 Bold,Bold
07/Aug/2026 15:21:35.734 Level 8:font(173) fc-list: /usr/share/fonts/X11/Type1/NimbusSansNarrow-Oblique.pfb: Nimbus Sans Narrow:style=Oblique
07/Aug/2026 15:21:35.734 Level 8:font(173) fc-list: /usr/share/fonts/X11/Type1/URWBookman-LightItalic.pfb: URW Bookman:style=Light Italic
07/Aug/2026 15:21:35.734 Level 8:font(173) fc-list: /usr/share/fonts/truetype/charis/CharisSIL-Italic.ttf: Charis SIL:style=Italic
07/Aug/2026 15:21:35.734 Level 8:font(173) fc-list: /usr/share/fonts/truetype/lato/Lato-Bold.ttf: Lato:style=Bold
07/Aug/2026 15:21:35.734 Level 8:font(173) fc-list: /usr/share/texmf/fonts/opentype/public/lm/lmmonolt10-boldoblique.otf: Latin Modern Mono Light,LM Mono Light 10:style=10 Bold Oblique,Bold Italic
07/Aug/2026 15:21:35.734 Level 8:font(173) fc-list: /usr/share/fonts/type1/urw-base35/D050000L.t1: D050000L:style=Regular
07/Aug/2026 15:21:35.734 Level 8:font(173) fc-list: /usr/share/fonts/opentype/urw-base35/StandardSymbolsPS.otf: Standard Symbols PS:style=Regular
07/Aug/2026 15:21:35.734 Level 8:font(173) fc-list: /usr/share/texmf/fonts/opentype/public/lm/lmmonolt10-regular.otf: Latin Modern Mono Light,LM Mono Light 10:style=10 Regular,Regular
07/Aug/2026 15:21:35.734 Level 8:font(173) fc-list: /usr/share/texmf/fonts/opentype/public/lm/lmroman12-regular.otf: Latin Modern Roman,LM Roman 12:style=12 Regular,Regular
07/Aug/2026 15:21:35.734 Level 8:font(173) fc-list: /usr/share/texmf/fonts/opentype/public/lm/lmmonoproplt10-oblique.otf: Latin Modern Mono Prop Light,LM Mono Prop Light 10:style=10 Oblique,Italic
07/Aug/2026 15:21:35.734 Level 8:font(173) fc-list: /usr/share/fonts/truetype/noto/NotoMono-Regular.ttf: Noto Mono:style=Regular
07/Aug/2026 15:21:35.734 Level 8:font(173) fc-list: /usr/share/texmf/fonts/opentype/public/tex-gyre/texgyreheros-italic.otf: TeX Gyre Heros:style=Italic
07/Aug/2026 15:21:35.734 Level 8:font(173) fc-list: /usr/share/fonts/truetype/scheherazade/Scheherazade-Regular.ttf: Scheherazade:style=Regular
07/Aug/2026 15:21:35.734 Level 8:font(173) fc-list: /usr/share/fonts/type1/urw-base35/URWGothic-Demi.t1: URW Gothic:style=Demi
07/Aug/2026 15:21:35.734 Level 8:font(173) fc-list: /usr/share/fonts/type1/urw-base35/NimbusSans-Italic.t1: Nimbus Sans:style=Italic
07/Aug/2026 15:21:35.734 Level 8:font(173) fc-list: /usr/share/fonts/type1/urw-base35/C059-BdIta.t1: C059:style=Bold Italic
07/Aug/2026 15:21:35.734 Level 8:font(173) fc-list: /usr/share/texmf/fonts/opentype/public/lm/lmroman7-regular.otf: Latin Modern Roman,LM Roman 7:style=7 Regular,Regular
07/Aug/2026 15:21:35.734 Level 8:font(173) fc-list: /usr/share/fonts/type1/urw-base35/NimbusMonoPS-Bold.t1: Nimbus Mono PS:style=Bold
07/Aug/2026 15:21:35.734 Level 8:font(173) fc-list: /usr/share/texmf/fonts/opentype/public/lm/lmroman8-bold.otf: Latin Modern Roman,LM Roman 8:style=8 Bold,Bold
07/Aug/2026 15:21:35.734 Level 8:font(173) fc-list: /usr/share/texmf/fonts/opentype/public/tex-gyre-math/texgyredejavu-math.otf: TeX Gyre DejaVu Math:style=Regular
07/Aug/2026 15:21:35.734 Level 8:font(173) fc-list: /usr/share/texmf/fonts/opentype/public/tex-gyre/texgyreschola-italic.otf: TeX Gyre Schola:style=Italic
07/Aug/2026 15:21:35.734 Level 8:font(173) fc-list: /usr/share/texmf/fonts/opentype/public/lm/lmroman9-bold.otf: Latin Modern Roman,LM Roman 9:style=9 Bold,Bold
07/Aug/2026 15:21:35.734 Level 8:font(173) fc-list: /usr/share/fonts/X11/Type1/NimbusMonoPS-Bold.pfb: Nimbus Mono PS:style=Bold
07/Aug/2026 15:21:35.734 Level 8:font(173) fc-list: /usr/share/fonts/X11/Type1/P052-Roman.pfb: P052:style=Roman
07/Aug/2026 15:21:35.734 Level 8:font(173) fc-list: /usr/share/texmf/fonts/opentype/public/tex-gyre/texgyreheros-bolditalic.otf: TeX Gyre Heros:style=Bold Italic
07/Aug/2026 15:21:35.734 Level 8:font(173) fc-list: /usr/share/texmf/fonts/opentype/public/lm/lmroman6-bold.otf: Latin Modern Roman,LM Roman 6:style=6 Bold,Bold
07/Aug/2026 15:21:35.734 Level 8:font(173) fc-list: /usr/share/fonts/type1/texlive-fonts-recommended/pcrro8a.pfb: Courier:style=Italic
07/Aug/2026 15:21:35.734 Level 8:font(173) fc-list: /usr/share/fonts/opentype/urw-base35/URWGothic-DemiOblique.otf: URW Gothic:style=Demi Oblique
07/Aug/2026 15:21:35.734 Level 8:font(173) fc-list: /usr/share/fonts/truetype/lato/Lato-Heavy.ttf: Lato,Lato Heavy:style=Heavy,Regular
07/Aug/2026 15:21:35.734 Level 8:font(173) fc-list: /usr/share/fonts/X11/Type1/NimbusRoman-Regular.pfb: Nimbus Roman:style=Regular
07/Aug/2026 15:21:35.734 Level 8:font(173) fc-list: /usr/share/texmf/fonts/opentype/public/tex-gyre/texgyreschola-bold.otf: TeX Gyre Schola:style=Bold
07/Aug/2026 15:21:35.734 Level 8:font(173) fc-list: /usr/share/fonts/X11/Type1/NimbusRoman-BoldItalic.pfb: Nimbus Roman:style=Bold Italic
07/Aug/2026 15:21:35.734 Level 8:font(173) fc-list: /usr/share/fonts/X11/Type1/NimbusRoman-Italic.pfb: Nimbus Roman:style=Italic
07/Aug/2026 15:21:35.734 Level 8:font(173) fc-list: /usr/share/fonts/type1/texlive-fonts-recommended/bchr8a.pfb: Bitstream Charter:style=Regular
07/Aug/2026 15:21:35.734 Level 8:font(173) fc-list: /usr/share/fonts/type1/urw-base35/P052-Bold.t1: P052:style=Bold
07/Aug/2026 15:21:35.734 Level 8:font(173) fc-list: /usr/share/texmf/fonts/opentype/public/lm/lmroman7-bold.otf: Latin Modern Roman,LM Roman 7:style=7 Bold,Bold
07/Aug/2026 15:21:35.734 Level 8:font(173) fc-list: /usr/share/texmf/fonts/opentype/public/tex-gyre/texgyreheroscn-regular.otf: TeX Gyre Heros Cn:style=Regular
07/Aug/2026 15:21:35.734 Level 8:font(173) fc-list: /usr/share/fonts/truetype/gentiumplus/GentiumBookPlus-BoldItalic.ttf: Gentium Book Plus:style=Bold Italic
07/Aug/2026 15:21:35.734 Level 8:font(173) fc-list: /usr/share/fonts/truetype/lato/Lato-Semibold.ttf: Lato,Lato Semibold:style=Semibold,Regular
07/Aug/2026 15:21:35.734 Level 8:font(173) fc-list: /usr/share/ptx2pdf/fonts/Charis-Italic.ttf: Charis:style=Italic
07/Aug/2026 15:21:35.734 Level 8:font(173) fc-list: /usr/share/fonts/X11/Type1/NimbusMonoPS-BoldItalic.pfb: Nimbus Mono PS:style=Bold Italic
07/Aug/2026 15:21:35.734 Level 8:font(173) fc-list: /usr/share/texmf/fonts/opentype/public/tex-gyre/texgyretermes-regular.otf: TeX Gyre Termes:style=Regular
07/Aug/2026 15:21:35.734 Level 8:font(173) fc-list: /usr/share/fonts/X11/Type1/URWGothic-Book.pfb: URW Gothic:style=Book
07/Aug/2026 15:21:35.734 Level 8:font(173) fc-list: /usr/share/texmf/fonts/opentype/public/lm/lmmonoproplt10-bold.otf: Latin Modern Mono Prop Light,LM Mono Prop Light 10:style=10 Bold,Bold
07/Aug/2026 15:21:35.734 Level 8:font(173) fc-list: /usr/share/texmf/fonts/opentype/public/lm/lmsansquot8-oblique.otf: Latin Modern Sans Quotation,LM Sans Quot 8:style=8 Oblique,Bold Italic
07/Aug/2026 15:21:35.734 Level 8:font(173) fc-list: /usr/share/texmf/fonts/opentype/public/lm/lmmonoltcond10-regular.otf: Latin Modern Mono Light Cond,LM Mono Light Cond 10:style=10 Regular,Regular
07/Aug/2026 15:21:35.734 Level 8:font(173) fc-list: /usr/share/texmf/fonts/opentype/public/lm/lmroman5-bold.otf: Latin Modern Roman,LM Roman 5:style=5 Bold,Bold
07/Aug/2026 15:21:35.734 Level 8:font(173) fc-list: /usr/share/fonts/type1/urw-base35/P052-Italic.t1: P052:style=Italic
07/Aug/2026 15:21:35.734 Level 8:font(173) fc-list: /usr/share/texmf/fonts/opentype/public/lm/lmroman8-regular.otf: Latin Modern Roman,LM Roman 8:style=8 Regular,Regular
07/Aug/2026 15:21:35.734 Level 8:font(173) fc-list: /usr/share/fonts/type1/urw-base35/NimbusSansNarrow-Regular.t1: Nimbus Sans Narrow:style=Regular
07/Aug/2026 15:21:35.734 Level 8:font(173) fc-list: /usr/share/texmf/fonts/opentype/public/lm/lmroman9-italic.otf: Latin Modern Roman,LM Roman 9:style=9 Italic,Italic
07/Aug/2026 15:21:35.734 Level 8:font(173) fc-list: /usr/share/fonts/truetype/lato/Lato-HeavyItalic.ttf: Lato,Lato Heavy:style=Heavy Italic,Italic
07/Aug/2026 15:21:35.734 Level 8:font(173) fc-list: /usr/share/ptx2pdf/fonts/Charis-Regular.ttf: Charis:style=Regular
07/Aug/2026 15:21:35.734 Level 8:font(173) fc-list: /usr/share/fonts/type1/urw-base35/C059-Bold.t1: C059:style=Bold
07/Aug/2026 15:21:35.734 Level 8:font(173) fc-list: /usr/share/ptx2pdf/fonts/OrnamentTest.ttf: OrnamentTest:style=Regular
07/Aug/2026 15:21:35.734 Level 8:font(173) fc-list: /usr/share/fonts/truetype/lato/Lato-BlackItalic.ttf: Lato,Lato Black:style=Black Italic,Italic
07/Aug/2026 15:21:35.734 Level 8:font(173) fc-list: /usr/share/texmf/fonts/opentype/public/lm/lmmonoslant10-regular.otf: Latin Modern Mono Slanted,LM Mono Slanted 10:style=10 Regular,Regular
07/Aug/2026 15:21:35.734 Level 8:font(173) fc-list: /usr/share/fonts/type1/urw-base35/URWBookman-Light.t1: URW Bookman:style=Light
07/Aug/2026 15:21:35.734 Level 8:font(173) fc-list: /usr/share/fonts/truetype/gentiumplus/GentiumPlus-BoldItalic.ttf: Gentium Plus:style=Bold Italic
07/Aug/2026 15:21:35.734 Level 8:font(173) fc-list: /usr/share/texmf/fonts/opentype/public/lm/lmromanslant17-regular.otf: Latin Modern Roman Slanted,LM Roman Slanted 17:style=17 Regular,Regular
07/Aug/2026 15:21:35.734 Level 8:font(173) fc-list: /usr/share/fonts/truetype/charis/CharisSIL-Bold.ttf: Charis SIL:style=Bold
07/Aug/2026 15:21:35.734 Level 8:font(173) fc-list: /usr/share/fonts/truetype/dejavu/DejaVuSerif.ttf: DejaVu Serif:style=Book
07/Aug/2026 15:21:35.734 Level 8:font(173) fc-list: /usr/share/texmf/fonts/opentype/public/lm/lmroman9-regular.otf: Latin Modern Roman,LM Roman 9:style=9 Regular,Regular
07/Aug/2026 15:21:35.734 Level 8:font(173) fc-list: /usr/share/texmf/fonts/opentype/public/tex-gyre/texgyretermes-bold.otf: TeX Gyre Termes:style=Bold
07/Aug/2026 15:21:35.734 Level 8:font(173) fc-list: /usr/share/fonts/type1/texlive-fonts-recommended/pcrbo8a.pfb: Courier:style=Bold Italic
07/Aug/2026 15:21:35.734 Level 8:font(173) fc-list: /usr/share/fonts/opentype/urw-base35/P052-Roman.otf: P052:style=Roman
07/Aug/2026 15:21:35.734 Level 8:font(173) fc-list: /usr/share/texmf/fonts/opentype/public/tex-gyre/texgyrebonum-italic.otf: TeX Gyre Bonum:style=Italic
07/Aug/2026 15:21:35.734 Level 8:font(173) fc-list: /usr/share/texmf/fonts/opentype/public/lm/lmroman10-italic.otf: Latin Modern Roman,LM Roman 10:style=10 Italic,Italic
07/Aug/2026 15:21:35.735 Level 8:font(173) fc-list: /usr/share/texmf/fonts/opentype/public/lm/lmroman12-italic.otf: Latin Modern Roman,LM Roman 12:style=12 Italic,Italic
07/Aug/2026 15:21:35.735 Level 8:font(173) fc-list: /usr/share/fonts/opentype/urw-base35/C059-Bold.otf: C059:style=Bold
07/Aug/2026 15:21:35.735 Level 8:font(173) fc-list: /usr/share/texmf/fonts/opentype/public/lm/lmsans17-oblique.otf: Latin Modern Sans,LM Sans 17:style=17 Oblique,Italic
07/Aug/2026 15:21:35.735 Level 8:font(173) fc-list: /usr/share/fonts/opentype/urw-base35/P052-Bold.otf: P052:style=Bold
07/Aug/2026 15:21:35.735 Level 8:font(173) fc-list: /usr/share/fonts/truetype/lato/Lato-Hairline.ttf: Lato,Lato Hairline:style=Hairline,Regular
07/Aug/2026 15:21:35.735 Level 8:font(173) fc-list: /usr/share/fonts/truetype/gentiumplus/GentiumPlus-Regular.ttf: Gentium Plus:style=Regular
07/Aug/2026 15:21:35.735 Level 8:font(173) fc-list: /usr/share/fonts/opentype/urw-base35/NimbusRoman-Italic.otf: Nimbus Roman:style=Italic
07/Aug/2026 15:21:35.735 Level 8:font(173) fc-list: /usr/share/fonts/truetype/dejavu/DejaVuSans-BoldOblique.ttf: DejaVu Sans:style=Bold Oblique
07/Aug/2026 15:21:35.735 Level 8:font(173) fc-list: 
07/Aug/2026 15:21:35.735 DEBUG:font(168) Fonts initialised
07/Aug/2026 15:21:35.735 DEBUG:main(425) Loaded fonts
07/Aug/2026 15:21:35.737 DEBUG:texmodel(203) TeX model basepaths: basedir='/work/projects/Demo', docdir='/work/projects/Demo/local/ptxprint/Default'
07/Aug/2026 15:21:35.737 DEBUG:runjob(202) self.printer.bookrefs=None
07/Aug/2026 15:21:35.737 DEBUG:runjob(215) jobs=[]
